// Jest Snapshot v1, https://goo.gl/fbAQLP

exports[`<SingleWeapon /> renders the data correctly for a single weapon 1`] = `
<div>
  <div
    class="single-weapon__content"
  >
    <div
      class="single-weapon__details"
    >
      <div />
      <table>
        <thead
          class="single-weapon__title-bar"
        >
          <tr>
            <th
              class="single-weapon__subheading"
            >
              Base Damage
            </th>
          </tr>
        </thead>
        <tbody>
          <tr>
            <th
              scope="row"
            >
              Level 40
            </th>
            <td>
              53,124
            </td>
          </tr>
          <tr>
            <th
              scope="row"
            >
              World Tier 5
            </th>
            <td>
              11,770
            </td>
          </tr>
        </tbody>
        <thead
          class="single-weapon__title-bar"
        >
          <tr>
            <th
              class="single-weapon__subheading"
            >
              Specifications
            </th>
          </tr>
        </thead>
        <tbody>
          <tr>
            <th
              scope="row"
            >
              Damage to Armour
            </th>
            <td>
              21
               %
            </td>
          </tr>
          <tr>
            <th
              data-testid="secondDamageBonusTest"
              scope="row"
            >
              Damage to Health
            </th>
            <td>
              9.5
               %
            </td>
          </tr>
          <tr>
            <th
              scope="row"
            >
              Headshot Multiplier
            </th>
            <td>
              x 
              1.55
            </td>
          </tr>
          <tr>
            <th
              scope="row"
            >
              Rate of Fire
            </th>
            <td>
              650
               rounds per minute
            </td>
          </tr>
          <tr>
            <th
              scope="row"
            >
              Magazine
            </th>
            <td>
              30
            </td>
          </tr>
          <tr>
            <th
              scope="row"
            >
              Mod Slots
            </th>
            <td>
              4
            </td>
          </tr>
          <tr>
            <th
              scope="row"
            >
              Accuracy
            </th>
            <td>
              61.8
               %
            </td>
          </tr>
          <tr>
            <th
              scope="row"
            >
              Stability
            </th>
            <td>
              76
               %
            </td>
          </tr>
          <tr>
            <th
              scope="row"
            >
              Optimal Range
            </th>
            <td>
              27
               m
            </td>
          </tr>
          <tr>
            <th
              scope="row"
            >
              Max Range
            </th>
            <td>
              105
               m
            </td>
          </tr>
          <tr>
            <th
              scope="row"
            >
              Reload Speed
            </th>
            <td>
              2.00
               seconds
            </td>
          </tr>
          <tr>
            <th
              scope="row"
            >
              Reload Speed (empty magazine)
            </th>
            <td>
              2.50
               seconds
            </td>
          </tr>
        </tbody>
      </table>
    </div>
  </div>
</div>
`;
