// Jest Snapshot v1, https://goo.gl/fbAQLP

exports[`<SingleMarksmanRiflePage /> loads the data and renders both components with data correctly for a single marksman rifle page 1`] = `
<div>
  <div
    class="SingleWeapon__SingleWeaponStyles-sc-1l6wyg4-0 iQbJbJ"
    data-testid="singleWeaponTest"
  >
    <div
      class="single-weapon__title-bar"
    >
      <h1
        class="single-weapon__heading"
      >
        Test Maniac
      </h1>
    </div>
    <p>
      Marksman Rifle
       
      AK-47
    </p>
    <div
      class="single-weapon__details"
    >
      <div
        class="single-weapon__title-bar"
      >
        <h3
          class="single-weapon__subheading"
        >
          Stats Comparison
        </h3>
      </div>
    </div>
    <div
      class="single-weapon__title-bar"
    >
      <h3
        class="single-weapon__section-heading"
      >
        Weapon Stats
      </h3>
    </div>
    <blockquote />
    <div
      class="single-weapon__sub-content"
    >
      <div
        class="single-weapon__content"
      >
        <div
          class="single-weapon__details"
        >
          <div />
          <table>
            <thead
              class="single-weapon__title-bar"
            >
              <tr>
                <th
                  class="single-weapon__subheading"
                >
                  Base Damage
                </th>
              </tr>
            </thead>
            <tbody>
              <tr>
                <th
                  scope="row"
                >
                  Level 40
                </th>
                <td>
                  60,645
                </td>
              </tr>
              <tr>
                <th
                  scope="row"
                >
                  World Tier 5
                </th>
                <td>
                  13,437
                </td>
              </tr>
            </tbody>
            <thead
              class="single-weapon__title-bar"
            >
              <tr>
                <th
                  class="single-weapon__subheading"
                >
                  Specifications
                </th>
              </tr>
            </thead>
            <tbody>
              <tr>
                <th
                  scope="row"
                >
                  Damage to Armour
                </th>
                <td>
                  21
                   %
                </td>
              </tr>
              <tr>
                <th
                  data-testid="secondDamageBonusTest"
                  scope="row"
                >
                  Damage to Health
                </th>
                <td>
                  9.5
                   %
                </td>
              </tr>
              <tr>
                <th
                  scope="row"
                >
                  Headshot Multiplier
                </th>
                <td>
                  x 
                  1.55
                </td>
              </tr>
              <tr>
                <th
                  scope="row"
                >
                  Rate of Fire
                </th>
                <td>
                  600
                   rounds per minute
                </td>
              </tr>
              <tr>
                <th
                  scope="row"
                >
                  Magazine
                </th>
                <td>
                  30
                </td>
              </tr>
              <tr>
                <th
                  scope="row"
                >
                  Mod Slots
                </th>
                <td>
                  4
                </td>
              </tr>
              <tr>
                <th
                  scope="row"
                >
                  Accuracy
                </th>
                <td>
                  47.7
                   %
                </td>
              </tr>
              <tr>
                <th
                  scope="row"
                >
                  Stability
                </th>
                <td>
                  64
                   %
                </td>
              </tr>
              <tr>
                <th
                  scope="row"
                >
                  Optimal Range
                </th>
                <td>
                  31
                   m
                </td>
              </tr>
              <tr>
                <th
                  scope="row"
                >
                  Max Range
                </th>
                <td>
                  68
                   m
                </td>
              </tr>
              <tr>
                <th
                  scope="row"
                >
                  Reload Speed
                </th>
                <td>
                  2.20
                   seconds
                </td>
              </tr>
              <tr>
                <th
                  scope="row"
                >
                  Reload Speed (empty magazine)
                </th>
                <td>
                  2.70
                   seconds
                </td>
              </tr>
            </tbody>
          </table>
        </div>
      </div>
      <div
        class="single-weapon__details"
        data-testid="thirdAttributeTest"
      >
        <div
          class="single-weapon__title-bar"
        >
          <h3
            class="single-weapon__subheading"
          >
            Class Compatible Attributes
          </h3>
        </div>
        <table>
          <thead>
            <tr>
              <th
                scope="col"
              />
              <th
                scope="col"
              >
                Level 40
              </th>
              <th
                scope="col"
              >
                World Tier 5
              </th>
            </tr>
          </thead>
          <tbody>
            <tr>
              <th
                scope="row"
              >
                Accuracy
              </th>
              <td>
                12
                 %
              </td>
              <td>
                7.9
                 %
              </td>
            </tr>
            <tr>
              <th
                scope="row"
              >
                Critical Hit Chance
              </th>
              <td>
                9.5
                 %
              </td>
              <td>
                6.5
                 %
              </td>
            </tr>
            <tr>
              <th
                scope="row"
              >
                Critical Hit Damage
              </th>
              <td>
                10
                 %
              </td>
              <td>
                7
                 %
              </td>
            </tr>
          </tbody>
        </table>
      </div>
    </div>
    <div
      class="single-weapon__details"
      data-testid="testMMRNotes"
    >
      <div
        class="single-weapon__title-bar"
      >
        <h2
          class="single-weapon__section-heading"
        >
          Class Description
        </h2>
      </div>
      <p>
        The marksman rifle class covers both designated marksman rifle (DMR) weapons and sniper rifles. A DMR is a modern scoped high-precision rifle used by agents in the designated marksman (DM) role. A sniper rifle is a high-precision, long-range rifle. Requirements include accuracy, reliability, mobility, concealment and optics for anti-personnel, anti-materiel and surveillance uses. The modern sniper rifle is a portable shoulder-fired weapon system with a choice between bolt-action or semi-automatic action, fitted with a telescopic sight for extreme accuracy and chambered for a high-ballistic performance center-fire cartridge. The class is best suited to the support fire at long range role.
      </p>
      <p>
        Most DMRs are based on modified designs of an assault rifle and usually come with a longer barrel and the ability to mount larger, long-range sights. All DMRs in use today are semi-automatic, some with select fire. Sniper rifles are generally bolt-action rifles, but can also be semi-automatic. Both weapon systems can mount a range of attachments including sights, fore-grips and muzzle attachments like a suppressor.
      </p>
    </div>
    <div
      class="single-weapon__details"
    >
      <div
        class="single-weapon__title-bar"
      >
        <h1
          class="single-weapon__section-heading"
        >
          Compatible Weapon Talents
        </h1>
      </div>
      <div
        class="LinkSmallBrand__LinkStyles-sc-1sivfgj-0 ljFRYs"
      >
        <h3
          class="LinkSmallBrand__TitleLink-sc-1sivfgj-1 gKRdRa"
        >
          <a
            href="/talents/weaponTalent/lnulbvclbcgl"
          >
            Fake Weapon Talent
          </a>
        </h3>
        <img
          class="standard-item"
          src="FakeWeapon.png"
        />
      </div>
    </div>
  </div>
</div>
`;
