// Jest Snapshot v1, https://goo.gl/fbAQLP

exports[`<SingleShotgunPage /> loads the data and renders both components with data correctly for a single shotgun page 1`] = `
<div>
  <div
    class="SingleWeapon__SingleWeaponStyles-sc-1l6wyg4-0 iQbJbJ"
    data-testid="singleWeaponTest"
  >
    <div
      class="single-weapon__title-bar"
    >
      <h1
        class="single-weapon__heading"
      >
        Test Maniac
      </h1>
    </div>
    <p>
      Shotgun
       
      AK-47
    </p>
    <div
      class="single-weapon__details"
    >
      <div
        class="single-weapon__title-bar"
      >
        <h3
          class="single-weapon__subheading"
        >
          Stats Comparison
        </h3>
      </div>
    </div>
    <div
      class="single-weapon__title-bar"
    >
      <h3
        class="single-weapon__section-heading"
      >
        Weapon Stats
      </h3>
    </div>
    <blockquote />
    <div
      class="single-weapon__sub-content"
    >
      <div
        class="single-weapon__content"
      >
        <div
          class="single-weapon__details"
        >
          <div />
          <table>
            <thead
              class="single-weapon__title-bar"
            >
              <tr>
                <th
                  class="single-weapon__subheading"
                >
                  Base Damage
                </th>
              </tr>
            </thead>
            <tbody>
              <tr>
                <th
                  scope="row"
                >
                  Level 40
                </th>
                <td>
                  60,645
                </td>
              </tr>
              <tr>
                <th
                  scope="row"
                >
                  World Tier 5
                </th>
                <td>
                  13,437
                </td>
              </tr>
            </tbody>
            <thead
              class="single-weapon__title-bar"
            >
              <tr>
                <th
                  class="single-weapon__subheading"
                >
                  Specifications
                </th>
              </tr>
            </thead>
            <tbody>
              <tr>
                <th
                  scope="row"
                >
                  Damage to Armour
                </th>
                <td>
                  21
                   %
                </td>
              </tr>
              <tr>
                <th
                  data-testid="secondDamageBonusTest"
                  scope="row"
                >
                  Damage to Health
                </th>
                <td>
                  9.5
                   %
                </td>
              </tr>
              <tr>
                <th
                  scope="row"
                >
                  Headshot Multiplier
                </th>
                <td>
                  x 
                  1.55
                </td>
              </tr>
              <tr>
                <th
                  scope="row"
                >
                  Rate of Fire
                </th>
                <td>
                  600
                   rounds per minute
                </td>
              </tr>
              <tr>
                <th
                  scope="row"
                >
                  Magazine
                </th>
                <td>
                  30
                </td>
              </tr>
              <tr>
                <th
                  scope="row"
                >
                  Mod Slots
                </th>
                <td>
                  4
                </td>
              </tr>
              <tr>
                <th
                  scope="row"
                >
                  Accuracy
                </th>
                <td>
                  47.7
                   %
                </td>
              </tr>
              <tr>
                <th
                  scope="row"
                >
                  Stability
                </th>
                <td>
                  64
                   %
                </td>
              </tr>
              <tr>
                <th
                  scope="row"
                >
                  Optimal Range
                </th>
                <td>
                  31
                   m
                </td>
              </tr>
              <tr>
                <th
                  scope="row"
                >
                  Max Range
                </th>
                <td>
                  68
                   m
                </td>
              </tr>
              <tr>
                <th
                  scope="row"
                >
                  Reload Speed
                </th>
                <td>
                  2.20
                   seconds
                </td>
              </tr>
              <tr>
                <th
                  scope="row"
                >
                  Reload Speed (empty magazine)
                </th>
                <td>
                  2.70
                   seconds
                </td>
              </tr>
            </tbody>
          </table>
        </div>
      </div>
      <div
        class="single-weapon__details"
        data-testid="thirdAttributeTest"
      >
        <div
          class="single-weapon__title-bar"
        >
          <h3
            class="single-weapon__subheading"
          >
            Class Compatible Attributes
          </h3>
        </div>
        <table>
          <thead>
            <tr>
              <th
                scope="col"
              />
              <th
                scope="col"
              >
                Level 40
              </th>
              <th
                scope="col"
              >
                World Tier 5
              </th>
            </tr>
          </thead>
          <tbody>
            <tr>
              <th
                scope="row"
              >
                Accuracy
              </th>
              <td>
                12
                 %
              </td>
              <td>
                7.9
                 %
              </td>
            </tr>
            <tr>
              <th
                scope="row"
              >
                Critical Hit Chance
              </th>
              <td>
                9.5
                 %
              </td>
              <td>
                6.5
                 %
              </td>
            </tr>
            <tr>
              <th
                scope="row"
              >
                Critical Hit Damage
              </th>
              <td>
                10
                 %
              </td>
              <td>
                7
                 %
              </td>
            </tr>
          </tbody>
        </table>
      </div>
    </div>
    <div
      class="single-weapon__details"
      data-testid="testShotgunNotes"
    >
      <div
        class="single-weapon__title-bar"
      >
        <h2
          class="single-weapon__section-heading"
        >
          Class Description
        </h2>
      </div>
      <p>
        A shotgun is a long-barreled firearm designed to shoot a straight-walled cartridge, which usually discharges numerous small pellet-like sub-projectiles, or sometimes a single solid projectile called a slug. Shotguns are most commonly smoothbore firearms, meaning that their gun barrels have no rifling on the inner wall, but rifled barrels for shooting slugs (slug barrels) are also available. Shotguns also come in a range of different action types, both single-shot and repeating. For non-repeating designs, break action shotguns are by far the most common variant. Most modern repeating shotguns are either pump-action or semi-automatic, and can also be fully automatic.
      </p>
      <p>
        Shotguns are very effective at close range which makes them ideal for use in urban combat environments. When compared to handguns, shotguns are heavier, larger, and not as maneuverable in close quarters, but do have several advantages including that they are generally much more powerful, they allow an agent to engage multiple targets faster than with a handgun and a shotgun is generally perceived as more intimidating.
      </p>
      <p>
        Shotguns can be fitted with a range of attachments including including sights, fore-grips and muzzle attachments, like a suppressor. Some models can be fitted with a drum magazine.
      </p>
    </div>
    <div
      class="single-weapon__details"
    >
      <div
        class="single-weapon__title-bar"
      >
        <h1
          class="single-weapon__section-heading"
        >
          Compatible Weapon Talents
        </h1>
      </div>
      <div
        class="LinkSmallBrand__LinkStyles-sc-1sivfgj-0 ljFRYs"
      >
        <h3
          class="LinkSmallBrand__TitleLink-sc-1sivfgj-1 gKRdRa"
        >
          <a
            href="/talents/weaponTalent/lnulbvclbcgl"
          >
            Fake Weapon Talent
          </a>
        </h3>
        <img
          class="standard-item"
          src="FakeWeapon.png"
        />
      </div>
    </div>
  </div>
</div>
`;
